
> premium-entitlement-reconciler@0.0.1 test:e2e
> jest --config ./test/jest-e2e.json --verbose

FAIL src/webhooks/e2e/marketplace.e2e-spec.ts
  Marketplace Revoke (e2e)
    ✕ should revoke MARKETPLACE user (7 ms)
    ✕ should NOT revoke STORE user (source guard) (4 ms)
    ✕ should handle bulk revoke with mixed users (6 ms)

  ● Marketplace Revoke (e2e) › should revoke MARKETPLACE user

    TypeError: (0 , supertest_1.default) is not a function

      26 |     });
      27 |
    > 28 |     const res = await request(app.getHttpServer())
         |                              ^
      29 |       .post('/webhooks/marketplace/revoke')
      30 |       .send({ userIds: ['u_market'] })
      31 |       .expect(201);

      at Object.<anonymous> (src/webhooks/e2e/marketplace.e2e-spec.ts:28:30)

  ● Marketplace Revoke (e2e) › should NOT revoke STORE user (source guard)

    TypeError: (0 , supertest_1.default) is not a function

      41 |     });
      42 |
    > 43 |     const res = await request(app.getHttpServer())
         |                              ^
      44 |       .post('/webhooks/marketplace/revoke')
      45 |       .send({ userIds: ['u_store'] })
      46 |       .expect(201);

      at Object.<anonymous> (src/webhooks/e2e/marketplace.e2e-spec.ts:43:30)

  ● Marketplace Revoke (e2e) › should handle bulk revoke with mixed users

    TypeError: (0 , supertest_1.default) is not a function

      54 |     await seedUser(db, 'u_s1', { active: true, source: 'STORE' });
      55 |
    > 56 |     const res = await request(app.getHttpServer())
         |                              ^
      57 |       .post('/webhooks/marketplace/revoke')
      58 |       .send({ userIds: ['u_m1', 'u_m2', 'u_s1'] })
      59 |       .expect(201);

      at Object.<anonymous> (src/webhooks/e2e/marketplace.e2e-spec.ts:56:30)

FAIL src/carrier/carrier-poll.e2e-spec.ts
  Carrier Poll (e2e)
    ✓ should set active=false when carrier returns inactive (13 ms)
    ✕ should NOT change state on api_error (fail safe) (6 ms)
    ✕ should keep user active when carrier returns active (5 ms)

  ● Carrier Poll (e2e) › should NOT change state on api_error (fail safe)

    TypeError: Cannot read properties of undefined (reading 'active')

      68 |     );
      69 |
    > 70 |     expect(rows[0].active).toBe(true);
         |                    ^
      71 |     expect(rows[0].source).toBe('CARRIER');
      72 |   });
      73 |

      at Object.<anonymous> (src/carrier/carrier-poll.e2e-spec.ts:70:20)

  ● Carrier Poll (e2e) › should keep user active when carrier returns active

    TypeError: Cannot read properties of undefined (reading 'active')

      92 |     );
      93 |
    > 94 |     expect(rows[0].active).toBe(true);
         |                    ^
      95 |     expect(rows[0].source).toBe('CARRIER');
      96 |   });
      97 | });

      at Object.<anonymous> (src/carrier/carrier-poll.e2e-spec.ts:94:20)

FAIL src/webhooks/e2e/store-webhook.e2e-spec.ts
  Store Webhook (e2e)
    ✕ should process INITIAL_PURCHASE for new user (5 ms)
    ✕ should reject duplicate eventId (3 ms)
    ✕ should reject out-of-order event (lower timestamp) (5 ms)
    ✕ should reject INITIAL_PURCHASE on CARRIER-owned user (first-write-wins) (2 ms)
    ✕ should set active=false on BILLING_ISSUE (3 ms)
    ✕ should set active=false on EXPIRATION (3 ms)
    ✕ should handle CANCELLATION without changing active status (4 ms)

  ● Store Webhook (e2e) › should process INITIAL_PURCHASE for new user

    TypeError: (0 , supertest_1.default) is not a function

      21 |
      22 |   it('should process INITIAL_PURCHASE for new user', async () => {
    > 23 |     const res = await request(app.getHttpServer())
         |                              ^
      24 |       .post('/webhooks/store')
      25 |       .send({
      26 |         eventId: 'evt_1',

      at Object.<anonymous> (src/webhooks/e2e/store-webhook.e2e-spec.ts:23:30)

  ● Store Webhook (e2e) › should reject duplicate eventId

    TypeError: (0 , supertest_1.default) is not a function

      46 |     };
      47 |
    > 48 |     await request(app.getHttpServer())
         |                  ^
      49 |       .post('/webhooks/store')
      50 |       .send(payload)
      51 |       .expect(201);

      at Object.<anonymous> (src/webhooks/e2e/store-webhook.e2e-spec.ts:48:18)

  ● Store Webhook (e2e) › should reject out-of-order event (lower timestamp)

    TypeError: (0 , supertest_1.default) is not a function

      66 |     });
      67 |
    > 68 |     const res = await request(app.getHttpServer())
         |                              ^
      69 |       .post('/webhooks/store')
      70 |       .send({
      71 |         eventId: 'evt_old',

      at Object.<anonymous> (src/webhooks/e2e/store-webhook.e2e-spec.ts:68:30)

  ● Store Webhook (e2e) › should reject INITIAL_PURCHASE on CARRIER-owned user (first-write-wins)

    TypeError: (0 , supertest_1.default) is not a function

      86 |     });
      87 |
    > 88 |     const res = await request(app.getHttpServer())
         |                              ^
      89 |       .post('/webhooks/store')
      90 |       .send({
      91 |         eventId: 'evt_conflict',

      at Object.<anonymous> (src/webhooks/e2e/store-webhook.e2e-spec.ts:88:30)

  ● Store Webhook (e2e) › should set active=false on BILLING_ISSUE

    TypeError: (0 , supertest_1.default) is not a function

      107 |     });
      108 |
    > 109 |     const res = await request(app.getHttpServer())
          |                              ^
      110 |       .post('/webhooks/store')
      111 |       .send({
      112 |         eventId: 'evt_billing',

      at Object.<anonymous> (src/webhooks/e2e/store-webhook.e2e-spec.ts:109:30)

  ● Store Webhook (e2e) › should set active=false on EXPIRATION

    TypeError: (0 , supertest_1.default) is not a function

      131 |     });
      132 |
    > 133 |     const res = await request(app.getHttpServer())
          |                              ^
      134 |       .post('/webhooks/store')
      135 |       .send({
      136 |         eventId: 'evt_expire',

      at Object.<anonymous> (src/webhooks/e2e/store-webhook.e2e-spec.ts:133:30)

  ● Store Webhook (e2e) › should handle CANCELLATION without changing active status

    TypeError: (0 , supertest_1.default) is not a function

      155 |     });
      156 |
    > 157 |     const res = await request(app.getHttpServer())
          |                              ^
      158 |       .post('/webhooks/store')
      159 |       .send({
      160 |         eventId: 'evt_cancel',

      at Object.<anonymous> (src/webhooks/e2e/store-webhook.e2e-spec.ts:157:30)

FAIL src/notifications/notifications.e2e-spec.ts
  Notifications (e2e)
    ✕ should schedule a notification for expiring entitlement (7 ms)
    ✕ should not create duplicate notification (unique constraint) (14 ms)
    ✓ should process pending notification and set sent_at (13 ms)
    ✓ should not re-send already sent notification (3 ms)

  ● Notifications (e2e) › should schedule a notification for expiring entitlement

    error: column "scheduled_for" is of type timestamp with time zone but expression is of type interval

       8 |   async schedule(userId: string, expiresAt: Date) {
       9 |       const scheduledFor = new Date(expiresAt.getTime() - 24 * 60 * 60 * 1000);
    > 10 |     await this.db.query(
         |     ^
      11 |       `INSERT INTO notifications (user_id, type, scheduled_for)
      12 |        VALUES ($1, 'PREMIUM_EXPIRES_SOON', $2 - INTERVAL '24 hours')
      13 |        ON CONFLICT ON CONSTRAINT uq_notifications_once DO NOTHING`,

      at node_modules/pg-pool/index.js:45:11
      at NotificationScheduler.schedule (src/notifications/notification-scheduler.service.ts:10:5)
      at Object.<anonymous> (src/notifications/notifications.e2e-spec.ts:29:5)

  ● Notifications (e2e) › should not create duplicate notification (unique constraint)

    error: column "scheduled_for" is of type timestamp with time zone but expression is of type interval

       8 |   async schedule(userId: string, expiresAt: Date) {
       9 |       const scheduledFor = new Date(expiresAt.getTime() - 24 * 60 * 60 * 1000);
    > 10 |     await this.db.query(
         |     ^
      11 |       `INSERT INTO notifications (user_id, type, scheduled_for)
      12 |        VALUES ($1, 'PREMIUM_EXPIRES_SOON', $2 - INTERVAL '24 hours')
      13 |        ON CONFLICT ON CONSTRAINT uq_notifications_once DO NOTHING`,

      at node_modules/pg-pool/index.js:45:11
      at NotificationScheduler.schedule (src/notifications/notification-scheduler.service.ts:10:5)
      at Object.<anonymous> (src/notifications/notifications.e2e-spec.ts:43:5)

Test Suites: 4 failed, 4 total
Tests:       14 failed, 3 passed, 17 total
Snapshots:   0 total
Time:        2.412 s, estimated 3 s
Ran all test suites.
